###############################################################################
#
# IAR ANSI C/C++ Compiler V7.30.3.8024/W32 for ARM        12/Jul/2016  22:02:56
# Copyright 1999-2014 IAR Systems AB.
#
#    Cpu mode     =  thumb
#    Endian       =  little
#    Source file  =  
#        C:\Users\whstarlit\Desktop\Smart_Car\project\SX_test6_nirvana_twoline\app\init.c
#    Command line =  
#        C:\Users\whstarlit\Desktop\Smart_Car\project\SX_test6_nirvana_twoline\app\init.c
#        -D LPLD_K60 -D USE_K60D10 -lCN
#        C:\Users\whstarlit\Desktop\Smart_Car\project\SX_test6_nirvana_twoline\iar\FLASH\List\
#        -lB
#        C:\Users\whstarlit\Desktop\Smart_Car\project\SX_test6_nirvana_twoline\iar\FLASH\List\
#        -o
#        C:\Users\whstarlit\Desktop\Smart_Car\project\SX_test6_nirvana_twoline\iar\FLASH\Obj\
#        --no_cse --no_unroll --no_inline --no_code_motion --no_tbaa
#        --no_clustering --no_scheduling --debug --endian=little
#        --cpu=Cortex-M4 -e --fpu=None --dlib_config
#        D:\IAR\arm\INC\c\DLib_Config_Normal.h -I
#        C:\Users\whstarlit\Desktop\Smart_Car\project\SX_test6_nirvana_twoline\iar\..\app\
#        -I
#        C:\Users\whstarlit\Desktop\Smart_Car\project\SX_test6_nirvana_twoline\iar\..\..\..\lib\CPU\
#        -I
#        C:\Users\whstarlit\Desktop\Smart_Car\project\SX_test6_nirvana_twoline\iar\..\..\..\lib\common\
#        -I
#        C:\Users\whstarlit\Desktop\Smart_Car\project\SX_test6_nirvana_twoline\iar\..\..\..\lib\LPLD\
#        -I
#        C:\Users\whstarlit\Desktop\Smart_Car\project\SX_test6_nirvana_twoline\iar\..\..\..\lib\LPLD\HW\
#        -I
#        C:\Users\whstarlit\Desktop\Smart_Car\project\SX_test6_nirvana_twoline\iar\..\..\..\lib\LPLD\DEV\
#        -I
#        C:\Users\whstarlit\Desktop\Smart_Car\project\SX_test6_nirvana_twoline\iar\..\..\..\lib\LPLD\FUNC\
#        -I
#        C:\Users\whstarlit\Desktop\Smart_Car\project\SX_test6_nirvana_twoline\iar\..\..\..\lib\uCOS-II\Ports\
#        -I
#        C:\Users\whstarlit\Desktop\Smart_Car\project\SX_test6_nirvana_twoline\iar\..\..\..\lib\uCOS-II\Source\
#        -I
#        C:\Users\whstarlit\Desktop\Smart_Car\project\SX_test6_nirvana_twoline\iar\..\..\..\lib\FatFs\
#        -I
#        C:\Users\whstarlit\Desktop\Smart_Car\project\SX_test6_nirvana_twoline\iar\..\..\..\lib\FatFs\option\
#        -I
#        C:\Users\whstarlit\Desktop\Smart_Car\project\SX_test6_nirvana_twoline\iar\..\..\..\lib\USB\common\
#        -I
#        C:\Users\whstarlit\Desktop\Smart_Car\project\SX_test6_nirvana_twoline\iar\..\..\..\lib\USB\driver\
#        -I
#        C:\Users\whstarlit\Desktop\Smart_Car\project\SX_test6_nirvana_twoline\iar\..\..\..\lib\USB\descriptor\
#        -I
#        C:\Users\whstarlit\Desktop\Smart_Car\project\SX_test6_nirvana_twoline\iar\..\..\..\lib\USB\class\
#        -Ol -I D:\IAR\arm\CMSIS\Include\ -D ARM_MATH_CM4
#    List file    =  
#        C:\Users\whstarlit\Desktop\Smart_Car\project\SX_test6_nirvana_twoline\iar\FLASH\List\init.lst
#    Object file  =  
#        C:\Users\whstarlit\Desktop\Smart_Car\project\SX_test6_nirvana_twoline\iar\FLASH\Obj\init.o
#
###############################################################################

C:\Users\whstarlit\Desktop\Smart_Car\project\SX_test6_nirvana_twoline\app\init.c
      1          #include "include.h"
      2          

   \                                 In section .text, align 4, keep-with-next
      3          void init_all()
      4          {
   \                     init_all: (+1)
   \   00000000   0xB580             PUSH     {R7,LR}
      5            DisableInterrupts;
   \   00000002   0xB672             CPSID    I
      6            
      7            LCD_Init();
   \   00000004   0x.... 0x....      BL       LCD_Init
      8            steering_init();
   \   00000008   0x.... 0x....      BL       steering_init
      9            motor_init();
   \   0000000C   0x.... 0x....      BL       motor_init
     10            key_init();
   \   00000010   0x.... 0x....      BL       key_init
     11          
     12            VSY_init();
   \   00000014   0x.... 0x....      BL       VSY_init
     13            PCLK_init();
   \   00000018   0x.... 0x....      BL       PCLK_init
     14            DMA_init();
   \   0000001C   0x.... 0x....      BL       DMA_init
     15            IO_init();
   \   00000020   0x.... 0x....      BL       IO_init
     16            ov7725_init();
   \   00000024   0x.... 0x....      BL       ov7725_init
     17            //LPLD_SCCB_ReadReg(0x1C, &device_id, 1);
     18            //device_id=GY_ReadByte(0x1C);
     19            SCCB_ReadByte(&device_id,1,OV7725_COM4);
   \   00000028   0x220D             MOVS     R2,#+13
   \   0000002A   0x2101             MOVS     R1,#+1
   \   0000002C   0x4802             LDR.N    R0,??init_all_0
   \   0000002E   0x.... 0x....      BL       SCCB_ReadByte
     20            //LPLD_GPIO_EnableIrq(VSY_init_struct);
     21            EnableInterrupts;
   \   00000032   0xB662             CPSIE    I
     22          }
   \   00000034   0xBD01             POP      {R0,PC}          ;; return
   \   00000036   0xBF00             Nop      
   \                     ??init_all_0:
   \   00000038   0x........         DC32     device_id

   Maximum stack usage in bytes:

   .cstack Function
   ------- --------
       8   init_all
         8   -> DMA_init
         8   -> IO_init
         8   -> LCD_Init
         8   -> PCLK_init
         8   -> SCCB_ReadByte
         8   -> VSY_init
         8   -> key_init
         8   -> motor_init
         8   -> ov7725_init
         8   -> steering_init


   Section sizes:

   Bytes  Function/Label
   -----  --------------
      60  init_all

 
 60 bytes in section .text
 
 60 bytes of CODE memory

Errors: none
Warnings: none
